<!DOCTYPE html>
<html lang="en">
<head>

    <meta charset="utf-8" />
    <meta http-equiv="X-UA-Compatible" content="IE=edge" />

    <title>Consento</title>
    <meta name="HandheldFriendly" content="True" />
    <meta name="viewport" content="width=device-width, initial-scale=1.0" />
    <link rel="apple-touch-icon" sizes="180x180" href="assets/images/logo/logo-consento-small-180.png@v=b238287eee" />
    <link rel="icon" type="image/png" href="assets/images/logo/logo-consento-small.png@v=b238287eee" />
    <link rel="manifest" href="assets/site.webmanifest@v=b238287eee" />
    <meta name="application-name" content="Consento"/>
    <meta name="msapplication-TileColor" content="#FFFFFF" />
    <meta name="msapplication-TileImage" content="/assets/images/mstile-144x144.png?v=b238287eee" />

    <link rel="stylesheet" type="text/css" href="assets/main/css/main.css@v=b238287eee.css" />
    
    
    <meta name="description" content="Open Source project to make managing private data possible for humans with the help of their partners/friends/trustees" />
    <link rel="shortcut icon" href="favicon.png" type="image/png" />
    <link rel="canonical" href="." />
    <meta name="referrer" content="no-referrer-when-downgrade" />
    
    <meta property="og:site_name" content="Consento" />
    <meta property="og:type" content="website" />
    <meta property="og:title" content="Consento" />
    <meta property="og:description" content="Open Source project to make managing private data possible for humans with the help of their partners/friends/trustees." />
    <meta property="og:url" content="https://me.com/" />
    <meta property="og:image" content="https://me.com/content/images/2020/02/banner-trapeze--1--1.png" />
    <meta name="twitter:card" content="summary_large_image" />
    <meta name="twitter:title" content="Consento" />
    <meta name="twitter:description" content="Open Source project to make managing private data possible for humans with the help of their partners/friends/trustees." />
    <meta name="twitter:url" content="https://me.com/" />
    <meta name="twitter:image" content="https://me.com/content/images/2020/02/banner-trapeze--1-.png" />
    <meta name="twitter:site" content="@consentoorg" />
    <meta property="og:image:width" content="1500" />
    <meta property="og:image:height" content="500" />
    
    <script type="application/ld+json">
{
    "@context": "https://schema.org",
    "@type": "WebSite",
    "publisher": {
        "@type": "Organization",
        "name": "Consento",
        "logo": {
            "@type": "ImageObject",
            "url": "/content/images/2020/02/logo-consento-small@3x.png",
            "width": 60,
            "height": 60
        }
    },
    "url": "/",
    "image": {
        "@type": "ImageObject",
        "url": "/content/images/2020/02/banner-trapeze--1--2.png",
        "width": 1500,
        "height": 500
    },
    "mainEntityOfPage": {
        "@type": "WebPage",
        "@id": "/"
    },
    "description": "Open Source project to make managing private data possible for humans with the help of their partners/friends/trustees"
}
    </script>
    <link rel="alternate" type="application/rss+xml" title="Consento" href="blog/rss" />

</head>
<body class="is-preload home-template">

    <div id="wrapper">
        <main id="main"> 
                <nav id="top-bar" class="navbar navbar-expand-md scroll_shadow fixed-top navbar-light">
    <div class="container">
        <header class="major" id="header">
            <a href="." class="image"><img src="assets/images/logo/consento-with-text.png@v=b238287eee" class="img-fluid navbar-brand " alt="Consento" /></a>
        </header>
        <button id="toggle-button" class="navbar-toggler collapsed" type="button" data-toggle="collapse" data-target="#navbarSupportedContent" aria-controls="navbarSupportedContent" aria-expanded="false" aria-label="Toggle navigation">
            <span class="navbar-toggler-icon"></span>
        </button>
        
        <div class="collapse navbar-collapse" id="navbarSupportedContent">
            <div id="menu" class="col-sm-12">
                <ul class="navbar-nav mr-auto links align-items-center">
                        <li class="nav-about nav-item menu-item "><a class="" href="about">About</a></li>
<li class="nav-team nav-item menu-item "><a class="" href="team.html">Team</a></li>
<li class="nav-supporters nav-item menu-item "><a class="" href="supporters">Supporters</a></li>
<li class="nav-blog nav-item menu-item "><a class="" href="blog">Blog</a></li>

                    <li class="nav-item">
                        <a href="download.html" class="btn btn-primary download-btn" role="button">Download</a>
                    </li>
                </ul>
            </div>
        </div>
    </div>
</nav>
<script type="text/javascript">
    document.getElementById('top-bar').classList.remove('scroll_shadow')
</script>

                
<section id="consento_home">
    <div id='intro' class="container">
        <div class="row">
                <div class="col-sm-12">
                    <h1 class="col-md-4 col-xl-5 col-sm-12">Data privacy 
    for humans, 
    by humans.</h1>
                </div>
                <div class="col-sm-5 order-2 order-sm-1">
                    <p class="mb-4 text-left">A good digital society is not where people have to adapt to technology, but where we can handle our digital lives the same way as we have learned to do in real life.

    You think you already know a lot about how to handle data privacy?</p>
                    <div class="button-wrapper mb-1 mt-5">
                        <a href="https://docs.google.com/forms/d/e/1FAIpQLSe49RVN1ZCCTAyic0yg5fNI5WKEQl_v8BUmsG4tCjTtuagENg/viewform" target="_blank" class="btn btn-primary default_button" role="button">Test your privacy level</a>
                    </div>            
                </div>
                <div class="col-sm-7 order-1 order-sm-2">
                    <img class="img-fluid" src="assets/images/illustrations/privacy-by-design.svg@v=b238287eee" />
                </div>
        </div>
    </div>
    <div id='solution' class="container">
        <div class="row mt-5">
                <div class="col-sm-12 text-center mt-5">
                    <h2 class="col-md-offset-4 col-sm-12 mb-0">Our solution</h2>
                </div>
                <div class="col-sm-6 mt-3">
                    <img class="img-fluid" src="assets/images/illustration-00-app.svg@v=b238287eee" style="max-width: 80%;" />
                </div>
                <div class="col-sm-6 mt-5 text-left">
                    <p>A new unlock mechanism for a secure data storage that can be unlocked with the help of others.</p>
                    <p>Starting with a mobile app, we build digital tools that you can use to make sure your data stays protected.</p>
                    <div class="button-wrapper">
                        <a href="download.html" class="btn btn-primary extra-spacing default_button mt-4" role="button">Be the first to use it</a>
                        <a href="https://mailchi.mp/54ed51f62b3d/consento-updates-signup" target="_blank" class="btn btn-primary extra-spacing default_button mt-4" role="button">Get notified about releases</a>
                    </div>
                </div>
            </div>
        
    </div>
    <div class="container">
        <div id="tech" class="row mt-5">
                <div class="col-sm-12 mt-5">
                    <h2 class="col-md-5 col-sm-12 mb-0">The technology</h2>
                </div>
                <div class="col-sm-6 order-2 order-sm-1 text-left">
                    <p class="mt-5">A lot of encryption, and a bit of Shamirâ€™s secret.</p>
                    <p class="mt-5">All of our code and all designs are open source. You can have a look at the inner workings right now!</p>
                    <div class="align-items-bottom mt-2">
                        <a href="https://github.com/consento-org/" target="_blank" class="btn btn-primary dual extra-spacing default_button mt-3 ml-0" role="button">Source Code</a>
                        <a href="https://keybase.io/team/consento" target="_blank" class="btn btn-primary dual extra-spacing default_button mt-3" role="button">Chat Channel</a>
                    </div>
                </div>
                <div class="col-sm-6 order-1 order-sm-2">
                    <pre class="language-typescript"><span class="token function">confirm</span> <span class="token punctuation">(</span>accept<span class="token operator">:</span> IHandshakeAcceptMessage<span class="token punctuation">)</span><span class="token operator">:</span> ICancelable<span class="token operator"><</span>IHandshakeConfirmation<span class="token operator">></span> <span class="token punctuation">{</span>
  <span class="token keyword">return</span> cancelable<span class="token operator"><</span>IHandshakeConfirmation<span class="token punctuation">,</span> HandshakeInit<span class="token operator">></span><span class="token punctuation">(</span><span class="token keyword">function</span> <span class="token operator">*</span> <span class="token punctuation">(</span><span class="token punctuation">)</span> <span class="token punctuation">{</span>
    <span class="token keyword">const</span> secretKey <span class="token operator">=</span> <span class="token punctuation">(</span><span class="token keyword">yield</span> crypto<span class="token punctuation">.</span><span class="token function">computeSecret</span><span class="token punctuation">(</span><span class="token keyword">this</span><span class="token punctuation">.</span>confirmKey<span class="token punctuation">,</span> Buffer<span class="token punctuation">.</span><span class="token keyword">from</span><span class="token punctuation">(</span>accept<span class="token punctuation">.</span>token<span class="token punctuation">,</span> <span class="token string">'base64'</span><span class="token punctuation">)</span><span class="token punctuation">)</span><span class="token punctuation">)</span> <span class="token keyword">as</span> Uint8Array
    <span class="token keyword">const</span> bob <span class="token operator">=</span> <span class="token punctuation">(</span><span class="token keyword">yield</span> <span class="token function">createSender</span><span class="token punctuation">(</span><span class="token punctuation">)</span><span class="token punctuation">)</span> <span class="token keyword">as</span> ISender
    <span class="token keyword">const</span> sendKey <span class="token operator">=</span> <span class="token punctuation">(</span><span class="token keyword">yield</span> crypto<span class="token punctuation">.</span><span class="token function">decrypt</span><span class="token punctuation">(</span>secretKey<span class="token punctuation">,</span> Buffer<span class="token punctuation">.</span><span class="token keyword">from</span><span class="token punctuation">(</span>accept<span class="token punctuation">.</span>secret<span class="token punctuation">,</span> <span class="token string">'base64'</span><span class="token punctuation">)</span><span class="token punctuation">)</span><span class="token punctuation">)</span> <span class="token keyword">as</span> IEncodable
    <span class="token keyword">if</span> <span class="token punctuation">(</span><span class="token operator">!</span><span class="token punctuation">(</span>sendKey <span class="token keyword">instanceof</span> <span class="token class-name">Uint8Array</span><span class="token punctuation">)</span><span class="token punctuation">)</span> <span class="token punctuation">{</span>
      <span class="token keyword">throw</span> Object<span class="token punctuation">.</span><span class="token function">assign</span><span class="token punctuation">(</span><span class="token keyword">new</span> <span class="token class-name">Error</span><span class="token punctuation">(</span><span class="token string">'Expected buffer in decrypted message'</span><span class="token punctuation">)</span><span class="token punctuation">,</span> <span class="token punctuation">{</span> code<span class="token operator">:</span> <span class="token string">'invalid-message'</span> <span class="token punctuation">}</span><span class="token punctuation">)</span>
    <span class="token punctuation">}</span>
    <span class="token keyword">const</span> sender <span class="token operator">=</span> <span class="token punctuation">(</span><span class="token keyword">yield</span> <span class="token function">createSenderFromSendKey</span><span class="token punctuation">(</span>sendKey<span class="token punctuation">)</span><span class="token punctuation">)</span> <span class="token keyword">as</span> ISender
    <span class="token keyword">return</span> <span class="token keyword">yield</span> <span class="token keyword">new</span> <span class="token class-name">HandshakeConfirmation</span><span class="token punctuation">(</span><span class="token punctuation">{</span>
      connection<span class="token operator">:</span> <span class="token keyword">new</span> <span class="token class-name">Connection</span><span class="token punctuation">(</span><span class="token punctuation">{</span>
        sender<span class="token punctuation">,</span>
        receiver<span class="token operator">:</span> bob<span class="token punctuation">.</span><span class="token function">newReceiver</span><span class="token punctuation">(</span><span class="token punctuation">)</span>
      <span class="token punctuation">}</span><span class="token punctuation">)</span><span class="token punctuation">,</span>
      <span class="token comment">// In case you are wondering why we not just simply return "bob" as sender</span>
      <span class="token comment">// but instead pass it in two messages: the reason is that without this step</span>
      finalMessage<span class="token operator">:</span> bob<span class="token punctuation">.</span>sendKey
    <span class="token punctuation">}</span><span class="token punctuation">)</span>
  <span class="token punctuation">}</span><span class="token punctuation">,</span> <span class="token keyword">this</span><span class="token punctuation">)</span>
<span class="token punctuation">}</span>
</div>
    </div>
    <div class="container">
        <div class="row pt-5 mt-5">
            <div class="col-sm-12 text-center">
                <h2 >How does it work</h2>
            </div>
        </div>
    </div>
    <div class="container">
        <div id="how_it_works" class="text-center mb-1">
            <div class="row align-items-center mt-3 mb-5">
                <div class="fixed-block-height col-sm-6 col-md-6 col-lg-3">
                    <h3 class="mb-3">Encryption</h3>
                    <img class="img-fluid mb-2" src="assets/images/illustrations/04-how-to-1.svg@v=b238287eee" />
                    <p>Strong encryption on the spot.</p>
                </div>
                <div class="fixed-block-height col-sm-6 col-md-6 col-lg-3">
                    <h3 class="mb-3">Shared key</h3>
                    <img class="img-fluid mb-2" src="assets/images/illustrations/04-how-to-2.svg@v=b238287eee" />
                    <p>Key split in unique parts &amp; shared with people you trust.</p>
                </div>
                <div class="fixed-block-height col-sm-6 col-md-6 col-lg-3">
                    <h3 class="mb-3">Unlocking</h3>
                    <img class="img-fluid mb-2" src="assets/images/illustrations/04-how-to-3.svg@v=b238287eee" />
                    <p>'Consent' required to unlock.</p>
                </div>
                <div class="fixed-block-height col-sm-6 col-md-6 col-lg-3">
                    <h3 class="mb-3">Private network</h3>
                    <img class="img-fluid mb-2" src="assets/images/illustrations/04-how-to-4.svg@v=b238287eee" />
                    <p>Keep control over who has access.</p>
                </div>
            </div>
        </div>
    </div>
    <div class="container">
        <div id="co-op" class="row mt-5">
            <div class="col-sm-12 offset-sm-1 mt-5">
                <h3 class="col-sm-4 mb-0 offset-sm-5">Co-ownership of confidential data.</h3>
            </div>
            <div class="col-sm-6">
                <img class="img-fluid" src="assets/images/illustrations/use-case-travel.svg@v=b238287eee" />
            </div>
            <div class="col-sm-6 text-left">
                <p class="mt-4">When youâ€™re far from home, Consento enables you to keep all your travel documents backuped and encrypted. No one can access these documents without combining the 3 parts of the key. No password required. </p>
                <p class="mt-4">Just paired devices.</p>
            </div>
        </div>
    </div>
    <div class="container">
        <div id="integrity" class="row mt-5">
            <div class="col-sm-12">
                <h3 class="col-md-6 mb-0 col-sm-12">Data integrity across organizations.</h3>
            </div>
            <div class="col-sm-6 order-2 text-left order-sm-1">
                <p class="mt-4">When you are asked to take care of confidential of your client, Consento enables you to backup encrypted on paired devices, without the need to share the password via email, nor rely on central cloud services.</p>
                <p class="mt-4">Just shared responsibility.</p>
            </div>
            <div class="col-sm-6 mt-5 order-1 order-sm-2">
                <img class="img-fluid" src="assets/images/illustrations/use-case-client-data.svg@v=b238287eee" />
            </div>
        </div>
    </div>
    <div class="container">
        <div class="row pt-5">
            <div class="col-sm-12 text-center">
                <h2 class="mb-0">Our values</h2>
            </div>
        </div>
    </div>
    <div class="container">
        <div id="icon_area" class="mb-5">
            <div class="row text-center">
                <div class="col-md-6 mt-3">
                    <img class="img-fluid" src="assets/images/icons/icon_lock.svg@v=b238287eee" />
                    <h3 class="mb-3">Privacy by Design</h3>
                    <p>Consento provides 100% privacy.</p>
                </div>
                <div class="col-md-6 mt-3">
                    <img class="img-fluid" src="assets/images/icons/icon_empowerment.svg@v=b238287eee" />
                    <h3 class="mb-3">Empowerment</h3>
                    <p>Consento makes you keep control over our data.</p>
                </div>
            </div>
            <div class="row text-center">
                <div class="col-md-6 mt-3">
                    <img class="img-fluid" src="assets/images/icons/icon_human&#32;centric.svg@v=b238287eee" />
                    <h3 class="mb-3">Human centric</h3>
                    <p>Consento builds on trusted human relationship.</p>
                </div>
                <div class="col-md-6 mt-3">
                    <img class="img-fluid" src="assets/images/icons/icon_transparency.svg@v=b238287eee" />
                    <h3 class="mb-3">Transparency</h3>
                    <p>Consento is 100% FOSS.</p>
                </div>
            </div>
            <div class="row text-center">
                <div class="col-md-12">
                    <img class="img-fluid" src="assets/images/icons/icon_diversity.svg@v=b238287eee" />
                    <h3 class="mb-3">Diversity</h3>
                    <p>Consento empowers small businesses.</p>
                </div>
            </div>
        </div>
    </div>
    <div id="roadmap" class="container mb-5">
        <div class="col-sm-12 text-center mt-5">
            <h2>Consento roadmap</h2>
        </div>
        <div class="col-sm-12 text-center">
            <img class="img-fluid" srcset="assets/images/illustrations/human-centric@1x.png@v=b238287eee,
               assets/images/illustrations/human-centric@1.5x.png@v=b238287eeee,
              assets/images/illustrations/human-centric@2x.png@v=b238287eeeee,
             assets/images/illustrations/human-centric@3x.png@v=b238287eeeeee"
                src="assets/images/illustrations/human-centric@1.5x.png@v=b238287eee" alt="Human Centric"
            />
        </div>
        <div class="row">
            <div class="col-md-6">
                <div class="row progress-block">
                    <div class="col-sm-6">
                        <h3>Backlog</h3>
                        <div class="backlog-border">
                            <h4>Vault sharing</h4>
                            <p>Enabling users to share the content of their vault with selected users.</p>
                        </div>
                        <div class="backlog-border">
                            <h4>iOS mobile app</h4>
                            <p>Create application for iOS Appstore.</p>
                        </div>
                        <div class="backlog-border">
                            <h4>Desktop app</h4>
                            <p>Developing a desktop client.</p>
                        </div>
                        <div class="backlog-border">
                            <h4>Policies editing</h4>
                            <p>Defining a default policy.md file at the root of vaults.</p>
                        </div>
                    </div>
                    <div class="col-sm-6">
                        <h3>In Progress</h3>
                        <div class="progress-border">
                            <h4>Android mobile app</h4>
                            <p>Finalizing application for Google Play store.</p>
                        </div>
                        <div class="progress-border">
                            <h4>File Upload</h4>
                            <p>Enabling to Upload various file types in vault.</p>
                        </div>
                    </div>
                </div>
            </div>
            <div class="col-md-6 text-left">
                <p class="mt-3 mb-3">Consento is proudly part of the <a class="consento-blue" href="https://ledgerproject.eu" target="_blank">LEDGER</a> program, and currently working on the MVP. </p>
                <p class="mb-3">We have a lot in the pipeline, feel free to give a hand.</p>
                <p class="mb-3">Sign up to stay updated of our progress and next releases.</p>
                <div class="align-items-bottom mt-2">
                    <a href="https://github.com/consento-org/" target="_blank" class="btn btn-primary dual extra-spacing default_button mt-5 ml-0 mr-4" role="button">Contribute</a>
                    <a href="https://mailchi.mp/54ed51f62b3d/consento-updates-signup" target="_blank" class="btn btn-primary dual extra-spacing default_button mt-5" role="button">Stay updated</a>
                </div>
            </div>
        </div>
    </div>
    <div id="initiative" class="container mb-5 text-center">
        <h2 class="mt-5 col-sm-12">Support the Consento Initiative</h2>
        <img class="img-fluid mb-3" src="assets/images/illustrations/diversity.svg@v=b238287eee" />
        <p class="text-left">Consento is an open initiative for the Next Generation Internet. Even if you are not a developer, you can be part of it by supporting the initiative on Open Collective.</p>    
        <a href="https://opencollective.com/consento#section-contribute" target="_blank" class="btn btn-primary extra-spacing default_button mt-0" role="button">Go to Open Collective</a>        
    </div>
</section>
                <footer class="page-footer font-small blue pt-5">
  <div class="container">
    <div class="container text-center text-md-left">
      <div class="row text-center">
        <div class="col-md-4 mt-md-0 mt-3">
          <h2 class="mb-4">Contact us</h2>
          <ul class="list-unstyled">
            <li>
              <a href="mailto:keepsafe@consento.org?subject=Investors">Investors</a>
            </li>
            <li>
              <a href="mailto:keepsafe@consento.org?subject=Press">Press</a>
            </li>
            <li>
              <a href="mailto:keepsafe@consento.org?subject=Institutions">Institutions</a>
            </li>
          </ul>
        </div>
        <hr class="clearfix w-100 d-md-none pb-3">
        <!-- Grid column -->
        <div class="col-md-4 mb-md-0 mb-3">
          <h2 class="mb-4">Develop</h2>
          <ul class="list-unstyled">
            <li>
              <a href="https://github.com/consento-org/" target="_blank">Github Repository</a>
            </li>
            <li>
              <a href="https://keybase.io/team/consento" target="_blank">Keybase Chat</a>
            </li>
            <li>
              White Paper upcoming.
            </li>
          </ul>
        </div>
        <div class="col-md-4 mb-md-0 mb-3">
          <h2 class="mb-4">About</h2>
          <ul class="list-unstyled">
            <li>
              <a href="team.html">Team</a>
            </li>
            <li>
              <a href="about">About</a>
            </li>
            <li>
              <a href="supporters">Supporters</a>
            </li>
          </ul>

        </div>
      </div>
    </div> 
    
    <div id="trusted_companies"  class="row align-items-center">
        <div class="col-6 order-2 order-lg-1 col-lg-3 text-center">
          <a href="https://ledgerproject.eu" target="_blank">
            <img class="img-fluid" src="assets/images/external/ngi-white@2x.png@v=b238287eee" />
          </a>
        </div>

        <div class="col-12 order-1 order-lg-2 col-lg-6 pt-2 text-center">
          <p>This project has received funding from the European Unionâ€™s <a href="https://ec.europa.eu/programmes/horizon2020/" target="_blank">Horizon 2020</a> research and innovation programme within the framework of the <a href="https://www.ngi.eu/about/ledger/" target="_blank">LEDGER Project</a> funded under grant agreement <a href="https://cordis.europa.eu/project/id/825268" target="_blank">No825268.</a></p>
        </div>
        
        <div class="col-6 order-3 order-lg-3 col-lg-3 text-center">
          <a href="https://ec.europa.eu/info/" target="_blank">
            <img class="img-fluid" src="assets/images/external/eu-flag-low.png@v=b238287eee" />  
          </a>
        </div>
      
    </div>
      <div class="footer-copyright text-center">Â© Consento - All rights reserved - <a href="credits">Credits</a> - <a href="privacy-policy">Privacy Policy</a>
          <ul class="icons">
              <li>
                  <a href="dat://consento.org" class="icon" title="dat - decentralized web; open with Beaker Browser">
                      <svg width="15px" class="svg-filler" viewBox="0 0 48 48" version="1.1" xmlns="http://www.w3.org/2000/svg" xmlns:xlink="http://www.w3.org/1999/xlink">
                      <!-- This Logo is provided by Marc Chataigner under the creative-commons-by-nc-nd license -->
                      <g fill="#7f888f" fill-rule="nonzero"><path d="M18.8125,0.96875 L18.59375,1.09375 L7.59375,6.09375 L7.28125,6.21875 L7.125,6.53125 L1.125,17.53125 L0.96875,17.78125 L1,18.0625 L2,33.0625 L2.03125,33.40625 L2.25,33.6875 L12.25,44.6875 L12.5,44.9375 L12.84375,45 L26.84375,47 L27.125,47.03125 L27.375,46.9375 L39.375,41.9375 L39.65625,41.8125 L44.8125,34.59375 L44.9375,34.375 L45,34.15625 L47,21.15625 L47.03125,20.90625 L46.9375,20.65625 L42.9375,9.65625 L42.84375,9.375 L42.5625,9.1875 L32.5625,2.1875 L32.34375,2.03125 L32.0625,2 L19.0625,1 L18.8125,0.96875 Z M18.84375,3.15625 L21.34375,5.15625 L13.375,5.65625 L18.84375,3.15625 Z M22.15625,3.25 L27.4375,3.65625 L24.1875,4.875 L22.15625,3.25 Z M31.59375,4.21875 L35.28125,9.75 L26.65625,6.0625 L31.59375,4.21875 Z M35.78125,6.84375 L40.03125,9.84375 L38.34375,10.6875 L35.78125,6.84375 Z M21.65625,7.15625 L15.96875,13.53125 L10.3125,7.875 L21.65625,7.15625 Z M25.53125,7.71875 L36.09375,12.25 L28.5625,18.28125 L25.53125,7.71875 Z M23.53125,8.03125 L26.46875,18.25 L17.6875,14.59375 L23.53125,8.03125 Z M8.875,9.3125 L14.625,15.0625 L8.15625,22.21875 L8.875,9.3125 Z M6.75,11.375 L6.15625,22.09375 L3.1875,17.9375 L6.75,11.375 Z M41.4375,11.40625 L44.71875,20.40625 L41.65625,21.65625 L39.1875,12.53125 L41.4375,11.40625 Z M37.4375,13.71875 L39.59375,21.65625 L30.21875,19.5 L37.4375,13.71875 Z M17.09375,16.5625 L26.21875,20.34375 L17.875,28.6875 L17.09375,16.5625 Z M15.15625,17.4375 L15.875,29.1875 L8.53125,24.78125 L15.15625,17.4375 Z M29.40625,21.34375 L39.28125,23.625 L32.4375,32.71875 L29.40625,21.34375 Z M3.25,21.46875 L5.84375,25.09375 L3.75,29.25 L3.25,21.46875 Z M27.5,21.9375 L30.59375,33.5625 L18.96875,30.46875 L27.5,21.9375 Z M44.71875,22.59375 L43.71875,29.1875 L42.1875,23.59375 L44.71875,22.59375 Z M40.5625,25.25 L42.71875,33.09375 L34.15625,33.8125 L40.5625,25.25 Z M8.59375,27.09375 L15.1875,31.0625 L10.59375,34.34375 L8.59375,27.09375 Z M6.71875,27.8125 L8.5,34.28125 L4.375,32.5 L6.71875,27.8125 Z M16.71875,32.4375 L21.4375,39.8125 L12.03125,35.78125 L16.71875,32.4375 Z M19.25,32.625 L29.9375,35.46875 L24.21875,40.46875 L19.25,32.625 Z M41.90625,35.1875 L38.8125,39.53125 L34.46875,35.8125 L41.90625,35.1875 Z M6.84375,35.71875 L9.21875,36.75 L10.25,39.46875 L6.84375,35.71875 Z M32,36.3125 L36.5,40.15625 L26.875,40.8125 L32,36.3125 Z M11.75,37.84375 L20.59375,41.625 L13.625,42.875 L11.75,37.84375 Z M33.03125,42.40625 L27.34375,44.78125 L25.90625,42.875 L33.03125,42.40625 Z M23.5625,43.09375 L24.75,44.65625 L19.21875,43.875 L23.5625,43.09375 Z"></path></g>
                      </svg>
                  </a>
              </li>
              <li><a href="https://github.com/consento-org/" target="_blank" class="icon fa-github" title="Github"><span class="label">Github</span></a></li>
              <li><a href="https://keybase.io/team/consento" target="_blank" class="icon fa-comments" title="Keybase Chat"><span class="label">Keybase Chat</span></a></li>
              <li><a href="blog/rss" class="icon fa-rss" target="_blank" rel="noopener"><span class="label" title="RSS">RSS</span></a></li>
          </ul>
      </div>
    
  </div>
</footer>

        </main>
    </div>

    <script src="assets/main/js/jquery.min.js@v=b238287eee"></script>
    <script src="assets/main/js/browser.min.js@v=b238287eee"></script>
    <script src="assets/main/js/breakpoints.min.js@v=b238287eee"></script>
    <script src="assets/main/js/util.js@v=b238287eee"></script>
    <script src="assets/main/js/main.js@v=b238287eee"></script>
    <script src="assets/main/js/bootstrap.min.js@v=b238287eee"></script>
    <script src="assets/main/js/popper.min.js@v=b238287eee"></script>
    <script src="assets/main/js/topbar.js@v=b238287eee"></script>
    

</body>
</html>
<style>
    html, body { overflow-x: hidden; }
</style>